// Jest Snapshot v1, https://goo.gl/fbAQLP

exports[`<Content/> should render content 1`] = `
<div>
  <div
    class="sc-bdVaJa hOuLKQ"
  />
</div>
`;
